
> my-v0-project@0.1.0 build C:\Users\jcorrea\Desktop\agro-360
> next build

[baseline-browser-mapping] The data in this module is over two months old.  To ensure accurate Baseline data, please update: `npm i baseline-browser-mapping@latest -D`
   ▲ Next.js 16.0.10 (Turbopack)
   - Environments: .env.local, .env

   Creating an optimized production build ...
[baseline-browser-mapping] The data in this module is over two months old.  To ensure accurate Baseline data, please update: `npm i baseline-browser-mapping@latest -D`
 ✓ Compiled successfully in 4.8s
   Skipping validation of types
   Collecting page data using 7 workers ...
[baseline-browser-mapping] The data in this module is over two months old.  To ensure accurate Baseline data, please update: `npm i baseline-browser-mapping@latest -D`
[baseline-browser-mapping] The data in this module is over two months old.  To ensure accurate Baseline data, please update: `npm i baseline-browser-mapping@latest -D`
[baseline-browser-mapping] The data in this module is over two months old.  To ensure accurate Baseline data, please update: `npm i baseline-browser-mapping@latest -D`
[baseline-browser-mapping] The data in this module is over two months old.  To ensure accurate Baseline data, please update: `npm i baseline-browser-mapping@latest -D`
[baseline-browser-mapping] The data in this module is over two months old.  To ensure accurate Baseline data, please update: `npm i baseline-browser-mapping@latest -D`
[baseline-browser-mapping] The data in this module is over two months old.  To ensure accurate Baseline data, please update: `npm i baseline-browser-mapping@latest -D`
[baseline-browser-mapping] The data in this module is over two months old.  To ensure accurate Baseline data, please update: `npm i baseline-browser-mapping@latest -D`
   Generating static pages using 7 workers (0/29) ...
[baseline-browser-mapping] The data in this module is over two months old.  To ensure accurate Baseline data, please update: `npm i baseline-browser-mapping@latest -D`
[baseline-browser-mapping] The data in this module is over two months old.  To ensure accurate Baseline data, please update: `npm i baseline-browser-mapping@latest -D`
   Generating static pages using 7 workers (7/29) 
   Generating static pages using 7 workers (14/29) 
   Generating static pages using 7 workers (21/29) 
 ✓ Generating static pages using 7 workers (29/29) in 1206.0ms
   Finalizing page optimization ...

Route (app)
┌ ○ /
├ ○ /_not-found
├ ○ /admin
├ ƒ /api/admin/toggle-user
├ ƒ /api/caracterizacion/[id]
├ ƒ /api/estado
├ ƒ /api/health
├ ƒ /api/invitar
├ ƒ /api/sync
├ ƒ /api/sync-public
├ ƒ /api/upload
├ ƒ /api/weather
├ ƒ /auth/callback
├ ○ /auth/forgot-password
├ ○ /auth/invitation
├ ○ /auth/login
├ ○ /auth/sign-up-success
├ ○ /consultar
├ ○ /dashboard
├ ƒ /dashboard/caracterizacion/[id]
├ ○ /exito
├ ○ /formulario
├ ○ /login
├ ○ /mapa
├ ○ /offline
├ ○ /profile
├ ○ /registro
├ ○ /settings
├ ○ /status
└ ○ /unauthorized


ƒ Proxy (Middleware)

○  (Static)   prerendered as static content
ƒ  (Dynamic)  server-rendered on demand

